
> sukientoanquoc@0.1.0 build
> next build

Γû▓ Next.js 16.1.6 (Turbopack)
- Environments: .env.local

node.exe : ΓÜá The 
"middleware" file convention 
is deprecated. Please use 
"proxy" instead. Learn more: 
https://nextjs.org/docs/messa
ges/middleware-to-proxy
At line:1 char:1
+ & "C:\Program 
Files\nodejs/node.exe" 
"C:\Program 
Files\nodejs/node_mo ...
+ ~~~~~~~~~~~~~~~~~~~~~~~~~~~
~~~~~~~~~~~~~~~~~~~~~~~~~~~~~
~~~~~~~~~~~~~
    + CategoryInfo           
   : NotSpecified: (ΓÜá The  
   "middle...leware-to-pro   
 xy:String) [], RemoteExc    
eption
    + FullyQualifiedErrorId  
   : NativeCommandError
 
  Creating an optimized production build ...

> Build error occurred
Error: Turbopack build 
failed with 9 errors:
./src/components/admin/RichTe
xtEditor.tsx:12:1
Module not found: Can't 
resolve 
'@tiptap/extension-highlight'
[0m [90m 10 |[39m 
[36mimport[39m 
[33mUnderline[39m 
[36mfrom[39m [32m'@tiptap/
extension-underline'[39m[33
m;[39m
 [90m 11 |[39m 
[36mimport[39m 
[33mTextAlign[39m 
[36mfrom[39m [32m'@tiptap/
extension-text-align'[39m[3
3m;[39m
[31m[1m>[22m[39m[90m 12 
|[39m [36mimport[39m 
[33mHighlight[39m 
[36mfrom[39m [32m'@tiptap/
extension-highlight'[39m[33
m;[39m
 [90m    |[39m [31m[1m^[
22m[39m[31m[1m^[22m[39m
[31m[1m^[22m[39m[31m[1m^
[22m[39m[31m[1m^[22m[39
m[31m[1m^[22m[39m[31m[1
m^[22m[39m[31m[1m^[22m[
39m[31m[1m^[22m[39m[31m
[1m^[22m[39m[31m[1m^[22m
[39m[31m[1m^[22m[39m[31
m[1m^[22m[39m[31m[1m^[2
2m[39m[31m[1m^[22m[39m[
31m[1m^[22m[39m[31m[1m^
[22m[39m[31m[1m^[22m[39m
[31m[1m^[22m[39m[31m[1m
^[22m[39m[31m[1m^[22m[3
9m[31m[1m^[22m[39m[31m[
1m^[22m[39m[31m[1m^[22m
[39m[31m[1m^[22m[39m[31m
[1m^[22m[39m[31m[1m^[22
m[39m[31m[1m^[22m[39m[3
1m[1m^[22m[39m[31m[1m^[
22m[39m[31m[1m^[22m[39m
[31m[1m^[22m[39m[31m[1m^
[22m[39m[31m[1m^[22m[39
m[31m[1m^[22m[39m[31m[1
m^[22m[39m[31m[1m^[22m[
39m[31m[1m^[22m[39m[31m
[1m^[22m[39m[31m[1m^[22m
[39m[31m[1m^[22m[39m[31
m[1m^[22m[39m[31m[1m^[2
2m[39m[31m[1m^[22m[39m[
31m[1m^[22m[39m[31m[1m^
[22m[39m[31m[1m^[22m[39m
[31m[1m^[22m[39m[31m[1m
^[22m[39m[31m[1m^[22m[3
9m[31m[1m^[22m[39m[31m[
1m^[22m[39m
 [90m 13 |[39m 
[36mimport[39m 
[33mTextStyle[39m 
[36mfrom[39m [32m'@tiptap/
extension-text-style'[39m[3
3m;[39m
 [90m 14 |[39m 
[36mimport[39m {
 [90m 15 |[39m     
[33mBold[39m[33m,[39m 
[33mItalic[39m[33m,[39m 
[33mUnderline[39m 
[36mas[39m [33mUnderlineIc
on[39m[33m,[39m [33mStrik
ethrough[39m[33m,[39m[0m



Import traces:
  Client Component Browser:
    ./src/components/admin/Ri
chTextEditor.tsx [Client 
Component Browser]
    ./src/app/admin/posts/[id
]/page.tsx [Client Component 
Browser]
    ./src/app/admin/posts/[id
]/page.tsx [Server Component]

  Client Component SSR:
    ./src/components/admin/Ri
chTextEditor.tsx [Client 
Component SSR]
    ./src/app/admin/posts/[id
]/page.tsx [Client Component 
SSR]
    ./src/app/admin/posts/[id
]/page.tsx [Server Component]

https://nextjs.org/docs/messa
ges/module-not-found


./src/components/admin/RichTe
xtEditor.tsx:9:1
Module not found: Can't 
resolve 
'@tiptap/extension-image'
[0m [90m  7 |[39m 
[36mimport[39m 
[33mPlaceholder[39m 
[36mfrom[39m [32m'@tiptap/
extension-placeholder'[39m[
33m;[39m
 [90m  8 |[39m 
[36mimport[39m 
[33mLink[39m 
[36mfrom[39m [32m'@tiptap/
extension-link'[39m[33m;[3
9m
[31m[1m>[22m[39m[90m  9 
|[39m [36mimport[39m 
[33mImage[39m 
[36mfrom[39m [32m'@tiptap/
extension-image'[39m[33m;[
39m
 [90m    |[39m [31m[1m^[
22m[39m[31m[1m^[22m[39m
[31m[1m^[22m[39m[31m[1m^
[22m[39m[31m[1m^[22m[39
m[31m[1m^[22m[39m[31m[1
m^[22m[39m[31m[1m^[22m[
39m[31m[1m^[22m[39m[31m
[1m^[22m[39m[31m[1m^[22m
[39m[31m[1m^[22m[39m[31
m[1m^[22m[39m[31m[1m^[2
2m[39m[31m[1m^[22m[39m[
31m[1m^[22m[39m[31m[1m^
[22m[39m[31m[1m^[22m[39m
[31m[1m^[22m[39m[31m[1m
^[22m[39m[31m[1m^[22m[3
9m[31m[1m^[22m[39m[31m[
1m^[22m[39m[31m[1m^[22m
[39m[31m[1m^[22m[39m[31m
[1m^[22m[39m[31m[1m^[22
m[39m[31m[1m^[22m[39m[3
1m[1m^[22m[39m[31m[1m^[
22m[39m[31m[1m^[22m[39m
[31m[1m^[22m[39m[31m[1m^
[22m[39m[31m[1m^[22m[39
m[31m[1m^[22m[39m[31m[1
m^[22m[39m[31m[1m^[22m[
39m[31m[1m^[22m[39m[31m
[1m^[22m[39m[31m[1m^[22m
[39m[31m[1m^[22m[39m[31
m[1m^[22m[39m[31m[1m^[2
2m[39m[31m[1m^[22m[39m
 [90m 10 |[39m 
[36mimport[39m 
[33mUnderline[39m 
[36mfrom[39m [32m'@tiptap/
extension-underline'[39m[33
m;[39m
 [90m 11 |[39m 
[36mimport[39m 
[33mTextAlign[39m 
[36mfrom[39m [32m'@tiptap/
extension-text-align'[39m[3
3m;[39m
 [90m 12 |[39m 
[36mimport[39m 
[33mHighlight[39m 
[36mfrom[39m [32m'@tiptap/
extension-highlight'[39m[33
m;[39m[0m



Import traces:
  Client Component Browser:
    ./src/components/admin/Ri
chTextEditor.tsx [Client 
Component Browser]
    ./src/app/admin/posts/[id
]/page.tsx [Client Component 
Browser]
    ./src/app/admin/posts/[id
]/page.tsx [Server Component]

  Client Component SSR:
    ./src/components/admin/Ri
chTextEditor.tsx [Client 
Component SSR]
    ./src/app/admin/posts/[id
]/page.tsx [Client Component 
SSR]
    ./src/app/admin/posts/[id
]/page.tsx [Server Component]

https://nextjs.org/docs/messa
ges/module-not-found


./src/components/admin/RichTe
xtEditor.tsx:8:1
Module not found: Can't 
resolve 
'@tiptap/extension-link'
[0m [90m  6 |[39m 
[36mimport[39m 
[33mStarterKit[39m 
[36mfrom[39m [32m'@tiptap/
starter-kit'[39m[33m;[39m
 [90m  7 |[39m 
[36mimport[39m 
[33mPlaceholder[39m 
[36mfrom[39m [32m'@tiptap/
extension-placeholder'[39m[
33m;[39m
[31m[1m>[22m[39m[90m  8 
|[39m [36mimport[39m 
[33mLink[39m 
[36mfrom[39m [32m'@tiptap/
extension-link'[39m[33m;[3
9m
 [90m    |[39m [31m[1m^[
22m[39m[31m[1m^[22m[39m
[31m[1m^[22m[39m[31m[1m^
[22m[39m[31m[1m^[22m[39
m[31m[1m^[22m[39m[31m[1
m^[22m[39m[31m[1m^[22m[
39m[31m[1m^[22m[39m[31m
[1m^[22m[39m[31m[1m^[22m
[39m[31m[1m^[22m[39m[31
m[1m^[22m[39m[31m[1m^[2
2m[39m[31m[1m^[22m[39m[
31m[1m^[22m[39m[31m[1m^
[22m[39m[31m[1m^[22m[39m
[31m[1m^[22m[39m[31m[1m
^[22m[39m[31m[1m^[22m[3
9m[31m[1m^[22m[39m[31m[
1m^[22m[39m[31m[1m^[22m
[39m[31m[1m^[22m[39m[31m
[1m^[22m[39m[31m[1m^[22
m[39m[31m[1m^[22m[39m[3
1m[1m^[22m[39m[31m[1m^[
22m[39m[31m[1m^[22m[39m
[31m[1m^[22m[39m[31m[1m^
[22m[39m[31m[1m^[22m[39
m[31m[1m^[22m[39m[31m[1
m^[22m[39m[31m[1m^[22m[
39m[31m[1m^[22m[39m[31m
[1m^[22m[39m[31m[1m^[22m
[39m[31m[1m^[22m[39m[31
m[1m^[22m[39m
 [90m  9 |[39m 
[36mimport[39m 
[33mImage[39m 
[36mfrom[39m [32m'@tiptap/
extension-image'[39m[33m;[
39m
 [90m 10 |[39m 
[36mimport[39m 
[33mUnderline[39m 
[36mfrom[39m [32m'@tiptap/
extension-underline'[39m[33
m;[39m
 [90m 11 |[39m 
[36mimport[39m 
[33mTextAlign[39m 
[36mfrom[39m [32m'@tiptap/
extension-text-align'[39m[3
3m;[39m[0m



Import traces:
  Client Component Browser:
    ./src/components/admin/Ri
chTextEditor.tsx [Client 
Component Browser]
    ./src/app/admin/posts/[id
]/page.tsx [Client Component 
Browser]
    ./src/app/admin/posts/[id
]/page.tsx [Server Component]

  Client Component SSR:
    ./src/components/admin/Ri
chTextEditor.tsx [Client 
Component SSR]
    ./src/app/admin/posts/[id
]/page.tsx [Client Component 
SSR]
    ./src/app/admin/posts/[id
]/page.tsx [Server Component]

https://nextjs.org/docs/messa
ges/module-not-found


./src/components/admin/RichTe
xtEditor.tsx:7:1
Module not found: Can't 
resolve '@tiptap/extension-pl
aceholder'
[0m [90m  5 |[39m 
[36mimport[39m { 
useEditor[33m,[39m 
[33mEditorContent[39m } 
[36mfrom[39m [32m'@tiptap/
react'[39m[33m;[39m
 [90m  6 |[39m 
[36mimport[39m 
[33mStarterKit[39m 
[36mfrom[39m [32m'@tiptap/
starter-kit'[39m[33m;[39m
[31m[1m>[22m[39m[90m  7 
|[39m [36mimport[39m 
[33mPlaceholder[39m 
[36mfrom[39m [32m'@tiptap/
extension-placeholder'[39m[
33m;[39m
 [90m    |[39m [31m[1m^[
22m[39m[31m[1m^[22m[39m
[31m[1m^[22m[39m[31m[1m^
[22m[39m[31m[1m^[22m[39
m[31m[1m^[22m[39m[31m[1
m^[22m[39m[31m[1m^[22m[
39m[31m[1m^[22m[39m[31m
[1m^[22m[39m[31m[1m^[22m
[39m[31m[1m^[22m[39m[31
m[1m^[22m[39m[31m[1m^[2
2m[39m[31m[1m^[22m[39m[
31m[1m^[22m[39m[31m[1m^
[22m[39m[31m[1m^[22m[39m
[31m[1m^[22m[39m[31m[1m
^[22m[39m[31m[1m^[22m[3
9m[31m[1m^[22m[39m[31m[
1m^[22m[39m[31m[1m^[22m
[39m[31m[1m^[22m[39m[31m
[1m^[22m[39m[31m[1m^[22
m[39m[31m[1m^[22m[39m[3
1m[1m^[22m[39m[31m[1m^[
22m[39m[31m[1m^[22m[39m
[31m[1m^[22m[39m[31m[1m^
[22m[39m[31m[1m^[22m[39
m[31m[1m^[22m[39m[31m[1
m^[22m[39m[31m[1m^[22m[
39m[31m[1m^[22m[39m[31m
[1m^[22m[39m[31m[1m^[22m
[39m[31m[1m^[22m[39m[31
m[1m^[22m[39m[31m[1m^[2
2m[39m[31m[1m^[22m[39m[
31m[1m^[22m[39m[31m[1m^
[22m[39m[31m[1m^[22m[39m
[31m[1m^[22m[39m[31m[1m
^[22m[39m[31m[1m^[22m[3
9m[31m[1m^[22m[39m[31m[
1m^[22m[39m[31m[1m^[22m
[39m[31m[1m^[22m[39m[31m
[1m^[22m[39m[31m[1m^[22
m[39m
 [90m  8 |[39m 
[36mimport[39m 
[33mLink[39m 
[36mfrom[39m [32m'@tiptap/
extension-link'[39m[33m;[3
9m
 [90m  9 |[39m 
[36mimport[39m 
[33mImage[39m 
[36mfrom[39m [32m'@tiptap/
extension-image'[39m[33m;[
39m
 [90m 10 |[39m 
[36mimport[39m 
[33mUnderline[39m 
[36mfrom[39m [32m'@tiptap/
extension-underline'[39m[33
m;[39m[0m



Import traces:
  Client Component Browser:
    ./src/components/admin/Ri
chTextEditor.tsx [Client 
Component Browser]
    ./src/app/admin/posts/[id
]/page.tsx [Client Component 
Browser]
    ./src/app/admin/posts/[id
]/page.tsx [Server Component]

  Client Component SSR:
    ./src/components/admin/Ri
chTextEditor.tsx [Client 
Component SSR]
    ./src/app/admin/posts/[id
]/page.tsx [Client Component 
SSR]
    ./src/app/admin/posts/[id
]/page.tsx [Server Component]

https://nextjs.org/docs/messa
ges/module-not-found


./src/components/admin/RichTe
xtEditor.tsx:11:1
Module not found: Can't 
resolve '@tiptap/extension-te
xt-align'
[0m [90m  9 |[39m 
[36mimport[39m 
[33mImage[39m 
[36mfrom[39m [32m'@tiptap/
extension-image'[39m[33m;[
39m
 [90m 10 |[39m 
[36mimport[39m 
[33mUnderline[39m 
[36mfrom[39m [32m'@tiptap/
extension-underline'[39m[33
m;[39m
[31m[1m>[22m[39m[90m 11 
|[39m [36mimport[39m 
[33mTextAlign[39m 
[36mfrom[39m [32m'@tiptap/
extension-text-align'[39m[3
3m;[39m
 [90m    |[39m [31m[1m^[
22m[39m[31m[1m^[22m[39m
[31m[1m^[22m[39m[31m[1m^
[22m[39m[31m[1m^[22m[39
m[31m[1m^[22m[39m[31m[1
m^[22m[39m[31m[1m^[22m[
39m[31m[1m^[22m[39m[31m
[1m^[22m[39m[31m[1m^[22m
[39m[31m[1m^[22m[39m[31
m[1m^[22m[39m[31m[1m^[2
2m[39m[31m[1m^[22m[39m[
31m[1m^[22m[39m[31m[1m^
[22m[39m[31m[1m^[22m[39m
[31m[1m^[22m[39m[31m[1m
^[22m[39m[31m[1m^[22m[3
9m[31m[1m^[22m[39m[31m[
1m^[22m[39m[31m[1m^[22m
[39m[31m[1m^[22m[39m[31m
[1m^[22m[39m[31m[1m^[22
m[39m[31m[1m^[22m[39m[3
1m[1m^[22m[39m[31m[1m^[
22m[39m[31m[1m^[22m[39m
[31m[1m^[22m[39m[31m[1m^
[22m[39m[31m[1m^[22m[39
m[31m[1m^[22m[39m[31m[1
m^[22m[39m[31m[1m^[22m[
39m[31m[1m^[22m[39m[31m
[1m^[22m[39m[31m[1m^[22m
[39m[31m[1m^[22m[39m[31
m[1m^[22m[39m[31m[1m^[2
2m[39m[31m[1m^[22m[39m[
31m[1m^[22m[39m[31m[1m^
[22m[39m[31m[1m^[22m[39m
[31m[1m^[22m[39m[31m[1m
^[22m[39m[31m[1m^[22m[3
9m[31m[1m^[22m[39m[31m[
1m^[22m[39m[31m[1m^[22m
[39m
 [90m 12 |[39m 
[36mimport[39m 
[33mHighlight[39m 
[36mfrom[39m [32m'@tiptap/
extension-highlight'[39m[33
m;[39m
 [90m 13 |[39m 
[36mimport[39m 
[33mTextStyle[39m 
[36mfrom[39m [32m'@tiptap/
extension-text-style'[39m[3
3m;[39m
 [90m 14 |[39m 
[36mimport[39m {[0m



Import traces:
  Client Component Browser:
    ./src/components/admin/Ri
chTextEditor.tsx [Client 
Component Browser]
    ./src/app/admin/posts/[id
]/page.tsx [Client Component 
Browser]
    ./src/app/admin/posts/[id
]/page.tsx [Server Component]

  Client Component SSR:
    ./src/components/admin/Ri
chTextEditor.tsx [Client 
Component SSR]
    ./src/app/admin/posts/[id
]/page.tsx [Client Component 
SSR]
    ./src/app/admin/posts/[id
]/page.tsx [Server Component]

https://nextjs.org/docs/messa
ges/module-not-found


./src/components/admin/RichTe
xtEditor.tsx:13:1
Module not found: Can't 
resolve '@tiptap/extension-te
xt-style'
[0m [90m 11 |[39m 
[36mimport[39m 
[33mTextAlign[39m 
[36mfrom[39m [32m'@tiptap/
extension-text-align'[39m[3
3m;[39m
 [90m 12 |[39m 
[36mimport[39m 
[33mHighlight[39m 
[36mfrom[39m [32m'@tiptap/
extension-highlight'[39m[33
m;[39m
[31m[1m>[22m[39m[90m 13 
|[39m [36mimport[39m 
[33mTextStyle[39m 
[36mfrom[39m [32m'@tiptap/
extension-text-style'[39m[3
3m;[39m
 [90m    |[39m [31m[1m^[
22m[39m[31m[1m^[22m[39m
[31m[1m^[22m[39m[31m[1m^
[22m[39m[31m[1m^[22m[39
m[31m[1m^[22m[39m[31m[1
m^[22m[39m[31m[1m^[22m[
39m[31m[1m^[22m[39m[31m
[1m^[22m[39m[31m[1m^[22m
[39m[31m[1m^[22m[39m[31
m[1m^[22m[39m[31m[1m^[2
2m[39m[31m[1m^[22m[39m[
31m[1m^[22m[39m[31m[1m^
[22m[39m[31m[1m^[22m[39m
[31m[1m^[22m[39m[31m[1m
^[22m[39m[31m[1m^[22m[3
9m[31m[1m^[22m[39m[31m[
1m^[22m[39m[31m[1m^[22m
[39m[31m[1m^[22m[39m[31m
[1m^[22m[39m[31m[1m^[22
m[39m[31m[1m^[22m[39m[3
1m[1m^[22m[39m[31m[1m^[
22m[39m[31m[1m^[22m[39m
[31m[1m^[22m[39m[31m[1m^
[22m[39m[31m[1m^[22m[39
m[31m[1m^[22m[39m[31m[1
m^[22m[39m[31m[1m^[22m[
39m[31m[1m^[22m[39m[31m
[1m^[22m[39m[31m[1m^[22m
[39m[31m[1m^[22m[39m[31
m[1m^[22m[39m[31m[1m^[2
2m[39m[31m[1m^[22m[39m[
31m[1m^[22m[39m[31m[1m^
[22m[39m[31m[1m^[22m[39m
[31m[1m^[22m[39m[31m[1m
^[22m[39m[31m[1m^[22m[3
9m[31m[1m^[22m[39m[31m[
1m^[22m[39m[31m[1m^[22m
[39m
 [90m 14 |[39m 
[36mimport[39m {
 [90m 15 |[39m     
[33mBold[39m[33m,[39m 
[33mItalic[39m[33m,[39m 
[33mUnderline[39m 
[36mas[39m [33mUnderlineIc
on[39m[33m,[39m [33mStrik
ethrough[39m[33m,[39m
 [90m 16 |[39m     
[33mList[39m[33m,[39m [3
3mListOrdered[39m[33m,[39m
 [33mQuote[39m[33m,[39m 
[33mCode[39m[33m,[39m 
[33mImage[39m [36mas[39m 
[33mImageIcon[39m[33m,[39
m[0m



Import traces:
  Client Component Browser:
    ./src/components/admin/Ri
chTextEditor.tsx [Client 
Component Browser]
    ./src/app/admin/posts/[id
]/page.tsx [Client Component 
Browser]
    ./src/app/admin/posts/[id
]/page.tsx [Server Component]

  Client Component SSR:
    ./src/components/admin/Ri
chTextEditor.tsx [Client 
Component SSR]
    ./src/app/admin/posts/[id
]/page.tsx [Client Component 
SSR]
    ./src/app/admin/posts/[id
]/page.tsx [Server Component]

https://nextjs.org/docs/messa
ges/module-not-found


./src/components/admin/RichTe
xtEditor.tsx:10:1
Module not found: Can't 
resolve 
'@tiptap/extension-underline'
[0m [90m  8 |[39m 
[36mimport[39m 
[33mLink[39m 
[36mfrom[39m [32m'@tiptap/
extension-link'[39m[33m;[3
9m
 [90m  9 |[39m 
[36mimport[39m 
[33mImage[39m 
[36mfrom[39m [32m'@tiptap/
extension-image'[39m[33m;[
39m
[31m[1m>[22m[39m[90m 10 
|[39m [36mimport[39m 
[33mUnderline[39m 
[36mfrom[39m [32m'@tiptap/
extension-underline'[39m[33
m;[39m
 [90m    |[39m [31m[1m^[
22m[39m[31m[1m^[22m[39m
[31m[1m^[22m[39m[31m[1m^
[22m[39m[31m[1m^[22m[39
m[31m[1m^[22m[39m[31m[1
m^[22m[39m[31m[1m^[22m[
39m[31m[1m^[22m[39m[31m
[1m^[22m[39m[31m[1m^[22m
[39m[31m[1m^[22m[39m[31
m[1m^[22m[39m[31m[1m^[2
2m[39m[31m[1m^[22m[39m[
31m[1m^[22m[39m[31m[1m^
[22m[39m[31m[1m^[22m[39m
[31m[1m^[22m[39m[31m[1m
^[22m[39m[31m[1m^[22m[3
9m[31m[1m^[22m[39m[31m[
1m^[22m[39m[31m[1m^[22m
[39m[31m[1m^[22m[39m[31m
[1m^[22m[39m[31m[1m^[22
m[39m[31m[1m^[22m[39m[3
1m[1m^[22m[39m[31m[1m^[
22m[39m[31m[1m^[22m[39m
[31m[1m^[22m[39m[31m[1m^
[22m[39m[31m[1m^[22m[39
m[31m[1m^[22m[39m[31m[1
m^[22m[39m[31m[1m^[22m[
39m[31m[1m^[22m[39m[31m
[1m^[22m[39m[31m[1m^[22m
[39m[31m[1m^[22m[39m[31
m[1m^[22m[39m[31m[1m^[2
2m[39m[31m[1m^[22m[39m[
31m[1m^[22m[39m[31m[1m^
[22m[39m[31m[1m^[22m[39m
[31m[1m^[22m[39m[31m[1m
^[22m[39m[31m[1m^[22m[3
9m[31m[1m^[22m[39m[31m[
1m^[22m[39m
 [90m 11 |[39m 
[36mimport[39m 
[33mTextAlign[39m 
[36mfrom[39m [32m'@tiptap/
extension-text-align'[39m[3
3m;[39m
 [90m 12 |[39m 
[36mimport[39m 
[33mHighlight[39m 
[36mfrom[39m [32m'@tiptap/
extension-highlight'[39m[33
m;[39m
 [90m 13 |[39m 
[36mimport[39m 
[33mTextStyle[39m 
[36mfrom[39m [32m'@tiptap/
extension-text-style'[39m[3
3m;[39m[0m



Import traces:
  Client Component Browser:
    ./src/components/admin/Ri
chTextEditor.tsx [Client 
Component Browser]
    ./src/app/admin/posts/[id
]/page.tsx [Client Component 
Browser]
    ./src/app/admin/posts/[id
]/page.tsx [Server Component]

  Client Component SSR:
    ./src/components/admin/Ri
chTextEditor.tsx [Client 
Component SSR]
    ./src/app/admin/posts/[id
]/page.tsx [Client Component 
SSR]
    ./src/app/admin/posts/[id
]/page.tsx [Server Component]

https://nextjs.org/docs/messa
ges/module-not-found


./src/components/admin/RichTe
xtEditor.tsx:5:1
Module not found: Can't 
resolve '@tiptap/react'
[0m [90m 3 |[39m 
[36mimport[39m 
[33mReact[39m 
[36mfrom[39m 
[32m'react'[39m[33m;[39m
 [90m 4 |[39m
[31m[1m>[22m[39m[90m 5 
|[39m [36mimport[39m { 
useEditor[33m,[39m 
[33mEditorContent[39m } 
[36mfrom[39m [32m'@tiptap/
react'[39m[33m;[39m
 [90m   |[39m [31m[1m^[2
2m[39m[31m[1m^[22m[39m[
31m[1m^[22m[39m[31m[1m^
[22m[39m[31m[1m^[22m[39m
[31m[1m^[22m[39m[31m[1m
^[22m[39m[31m[1m^[22m[3
9m[31m[1m^[22m[39m[31m[
1m^[22m[39m[31m[1m^[22m
[39m[31m[1m^[22m[39m[31m
[1m^[22m[39m[31m[1m^[22
m[39m[31m[1m^[22m[39m[3
1m[1m^[22m[39m[31m[1m^[
22m[39m[31m[1m^[22m[39m
[31m[1m^[22m[39m[31m[1m^
[22m[39m[31m[1m^[22m[39
m[31m[1m^[22m[39m[31m[1
m^[22m[39m[31m[1m^[22m[
39m[31m[1m^[22m[39m[31m
[1m^[22m[39m[31m[1m^[22m
[39m[31m[1m^[22m[39m[31
m[1m^[22m[39m[31m[1m^[2
2m[39m[31m[1m^[22m[39m[
31m[1m^[22m[39m[31m[1m^
[22m[39m[31m[1m^[22m[39m
[31m[1m^[22m[39m[31m[1m
^[22m[39m[31m[1m^[22m[3
9m[31m[1m^[22m[39m[31m[
1m^[22m[39m[31m[1m^[22m
[39m[31m[1m^[22m[39m[31m
[1m^[22m[39m[31m[1m^[22
m[39m[31m[1m^[22m[39m[3
1m[1m^[22m[39m[31m[1m^[
22m[39m[31m[1m^[22m[39m
[31m[1m^[22m[39m[31m[1m^
[22m[39m[31m[1m^[22m[39
m[31m[1m^[22m[39m[31m[1
m^[22m[39m[31m[1m^[22m[
39m[31m[1m^[22m[39m[31m
[1m^[22m[39m[31m[1m^[22m
[39m[31m[1m^[22m[39m
 [90m 6 |[39m 
[36mimport[39m 
[33mStarterKit[39m 
[36mfrom[39m [32m'@tiptap/
starter-kit'[39m[33m;[39m
 [90m 7 |[39m 
[36mimport[39m 
[33mPlaceholder[39m 
[36mfrom[39m [32m'@tiptap/
extension-placeholder'[39m[
33m;[39m
 [90m 8 |[39m 
[36mimport[39m 
[33mLink[39m 
[36mfrom[39m [32m'@tiptap/
extension-link'[39m[33m;[3
9m[0m



Import traces:
  Client Component Browser:
    ./src/components/admin/Ri
chTextEditor.tsx [Client 
Component Browser]
    ./src/app/admin/posts/[id
]/page.tsx [Client Component 
Browser]
    ./src/app/admin/posts/[id
]/page.tsx [Server Component]

  Client Component SSR:
    ./src/components/admin/Ri
chTextEditor.tsx [Client 
Component SSR]
    ./src/app/admin/posts/[id
]/page.tsx [Client Component 
SSR]
    ./src/app/admin/posts/[id
]/page.tsx [Server Component]

https://nextjs.org/docs/messa
ges/module-not-found


./src/components/admin/RichTe
xtEditor.tsx:6:1
Module not found: Can't 
resolve '@tiptap/starter-kit'
[0m [90m 4 |[39m
 [90m 5 |[39m 
[36mimport[39m { 
useEditor[33m,[39m 
[33mEditorContent[39m } 
[36mfrom[39m [32m'@tiptap/
react'[39m[33m;[39m
[31m[1m>[22m[39m[90m 6 
|[39m [36mimport[39m 
[33mStarterKit[39m 
[36mfrom[39m [32m'@tiptap/
starter-kit'[39m[33m;[39m
 [90m   |[39m [31m[1m^[2
2m[39m[31m[1m^[22m[39m[
31m[1m^[22m[39m[31m[1m^
[22m[39m[31m[1m^[22m[39m
[31m[1m^[22m[39m[31m[1m
^[22m[39m[31m[1m^[22m[3
9m[31m[1m^[22m[39m[31m[
1m^[22m[39m[31m[1m^[22m
[39m[31m[1m^[22m[39m[31m
[1m^[22m[39m[31m[1m^[22
m[39m[31m[1m^[22m[39m[3
1m[1m^[22m[39m[31m[1m^[
22m[39m[31m[1m^[22m[39m
[31m[1m^[22m[39m[31m[1m^
[22m[39m[31m[1m^[22m[39
m[31m[1m^[22m[39m[31m[1
m^[22m[39m[31m[1m^[22m[
39m[31m[1m^[22m[39m[31m
[1m^[22m[39m[31m[1m^[22m
[39m[31m[1m^[22m[39m[31
m[1m^[22m[39m[31m[1m^[2
2m[39m[31m[1m^[22m[39m[
31m[1m^[22m[39m[31m[1m^
[22m[39m[31m[1m^[22m[39m
[31m[1m^[22m[39m[31m[1m
^[22m[39m[31m[1m^[22m[3
9m[31m[1m^[22m[39m[31m[
1m^[22m[39m[31m[1m^[22m
[39m[31m[1m^[22m[39m[31m
[1m^[22m[39m[31m[1m^[22
m[39m[31m[1m^[22m[39m[3
1m[1m^[22m[39m
 [90m 7 |[39m 
[36mimport[39m 
[33mPlaceholder[39m 
[36mfrom[39m [32m'@tiptap/
extension-placeholder'[39m[
33m;[39m
 [90m 8 |[39m 
[36mimport[39m 
[33mLink[39m 
[36mfrom[39m [32m'@tiptap/
extension-link'[39m[33m;[3
9m
 [90m 9 |[39m 
[36mimport[39m 
[33mImage[39m 
[36mfrom[39m [32m'@tiptap/
extension-image'[39m[33m;[
39m[0m



Import traces:
  Client Component Browser:
    ./src/components/admin/Ri
chTextEditor.tsx [Client 
Component Browser]
    ./src/app/admin/posts/[id
]/page.tsx [Client Component 
Browser]
    ./src/app/admin/posts/[id
]/page.tsx [Server Component]

  Client Component SSR:
    ./src/components/admin/Ri
chTextEditor.tsx [Client 
Component SSR]
    ./src/app/admin/posts/[id
]/page.tsx [Client Component 
SSR]
    ./src/app/admin/posts/[id
]/page.tsx [Server Component]

https://nextjs.org/docs/messa
ges/module-not-found


    at <unknown> (./src/compo
nents/admin/RichTextEditor.ts
x:12:1)
    at <unknown> (https://nex
tjs.org/docs/messages/module-
not-found)
    at <unknown> (./src/compo
nents/admin/RichTextEditor.ts
x:9:1)
    at <unknown> (https://nex
tjs.org/docs/messages/module-
not-found)
    at <unknown> (./src/compo
nents/admin/RichTextEditor.ts
x:8:1)
    at <unknown> (https://nex
tjs.org/docs/messages/module-
not-found)
    at <unknown> (./src/compo
nents/admin/RichTextEditor.ts
x:7:1)
    at <unknown> (https://nex
tjs.org/docs/messages/module-
not-found)
    at <unknown> (./src/compo
nents/admin/RichTextEditor.ts
x:11:1)
    at <unknown> (https://nex
tjs.org/docs/messages/module-
not-found)
    at <unknown> (./src/compo
nents/admin/RichTextEditor.ts
x:13:1)
    at <unknown> (https://nex
tjs.org/docs/messages/module-
not-found)
    at <unknown> (./src/compo
nents/admin/RichTextEditor.ts
x:10:1)
    at <unknown> (https://nex
tjs.org/docs/messages/module-
not-found)
    at <unknown> (./src/compo
nents/admin/RichTextEditor.ts
x:5:1)
    at <unknown> (https://nex
tjs.org/docs/messages/module-
not-found)
    at <unknown> (./src/compo
nents/admin/RichTextEditor.ts
x:6:1)
    at <unknown> (https://nex
tjs.org/docs/messages/module-
not-found)
